// Jest Snapshot v1, https://goo.gl/fbAQLP

exports[`QuoteOfTheDay should render a page with a quote 1`] = `
<div
  className="w-75 mx-auto my-5"
>
  <div
    className="card"
  >
    <div
      className="card-header display-4 font-weight-bold"
    >
      Quote
    </div>
    <div
      className="card-body p-5"
    >
      <blockquote
        className="blockquote mb-0"
      >
        <p>
          The beauty of mathematics only shows itself to more patient followers
        </p>
        <footer
          className="blockquote-footer"
        >
          Maryam Mirzakhani
        </footer>
      </blockquote>
    </div>
  </div>
  <div
    className="text-center my-4"
  >
    <a
      className="w-50 text-white btn btn-success"
      href="/calculator"
      onClick={[Function]}
      onKeyDown={[Function]}
    >
      Let's Go Do Math
    </a>
  </div>
</div>
`;
