// Jest Snapshot v1, https://goo.gl/fbAQLP

exports[`Routes should render a navigation bar and routes of the site 1`] = `
Array [
  <div>
    <nav
      className="navbar navbar-expand-lg navbar-light bg-success"
    >
      <a
        className="text-white font-weight-bolder navbar-brand"
        href="/"
      >
        Over the Counter Calculator
      </a>
      <button
        aria-controls="basic-navbar-nav"
        aria-label="Toggle navigation"
        className="navbar-toggler collapsed"
        onClick={[Function]}
        type="button"
      >
        <span
          className="navbar-toggler-icon"
        />
      </button>
      <div
        aria-expanded={null}
        className="navbar-collapse collapse"
        id="basic-navbar-nav"
      >
        <div
          className="ml-auto text-white navbar-nav"
          onKeyDown={[Function]}
        >
          <a
            className="text-white nav-link"
            data-rb-event-key="/"
            href="/"
            onClick={[Function]}
            onKeyDown={[Function]}
          >
            Home
          </a>
          <a
            className="text-white nav-link"
            data-rb-event-key="/calculator"
            href="/calculator"
            onClick={[Function]}
            onKeyDown={[Function]}
          >
            Calculator
          </a>
          <a
            className="text-white nav-link"
            data-rb-event-key="/quote-of-the-day"
            href="/quote-of-the-day"
            onClick={[Function]}
            onKeyDown={[Function]}
          >
            Quote of the Day
          </a>
        </div>
      </div>
    </nav>
  </div>,
  <div
    className="container container-fluid"
  >
    <h1
      className="text-center mt-4"
    >
      Over the Counter Calculator
    </h1>
    <p
      className="display-5 my-4"
    >
      This is one of the primitive calculators. Built with React. I'll probably improve it over time. Can be used for basic calculations using arithmatic oeprations:
    </p>
    <div
      className="list-group w-25 mx-auto list-group"
      onKeyDown={[Function]}
    >
      <div
        className="list-group-item list-group-item"
        data-rb-event-key={null}
        disabled={false}
        onClick={[Function]}
      >
        Addition
      </div>
      <div
        className="list-group-item list-group-item"
        data-rb-event-key={null}
        disabled={false}
        onClick={[Function]}
      >
        Subtraction
      </div>
      <div
        className="list-group-item list-group-item"
        data-rb-event-key={null}
        disabled={false}
        onClick={[Function]}
      >
        Multiplication
      </div>
      <div
        className="list-group-item list-group-item"
        data-rb-event-key={null}
        disabled={false}
        onClick={[Function]}
      >
        Division
      </div>
      <div
        className="list-group-item list-group-item"
        data-rb-event-key={null}
        disabled={false}
        onClick={[Function]}
      >
        Percent Calculation
      </div>
    </div>
    <div
      className="text-center my-5"
    >
      <a
        className="text-white w-50 btn btn-success"
        href="/calculator"
        onClick={[Function]}
        onKeyDown={[Function]}
      >
        Try It Now
      </a>
    </div>
  </div>,
]
`;
